// Jest Snapshot v1, https://goo.gl/fbAQLP

exports[`Login Should render the login component 1`] = `
Object {
  "asFragment": [Function],
  "baseElement": <body>
    <div>
      <div
        class="login-container"
      >
        <h1
          class="center"
          data-testid="login-header"
        >
          Welcome to Poll Page App! 
        </h1>
        <form
          class="login-form"
        >
          <label
            class="center"
            data-testid="userName-label"
          >
            Username: 
          </label>
          <input
            data-testid="username-input"
            id="userName"
            name="userName"
            placeholder="Input Username ...."
            type="text"
            value="tylermcginnis"
          />
          <label
            class="center"
            data-testid="password-label"
          >
            Password: 
          </label>
          <input
            data-testid="password-input"
            id="password"
            name="password"
            placeholder="***"
            type="password"
            value="abc321"
          />
          <button
            class="btn-login"
            data-testid="login-btn"
          >
            Login
          </button>
        </form>
      </div>
    </div>
  </body>,
  "container": <div>
    <div
      class="login-container"
    >
      <h1
        class="center"
        data-testid="login-header"
      >
        Welcome to Poll Page App! 
      </h1>
      <form
        class="login-form"
      >
        <label
          class="center"
          data-testid="userName-label"
        >
          Username: 
        </label>
        <input
          data-testid="username-input"
          id="userName"
          name="userName"
          placeholder="Input Username ...."
          type="text"
          value="tylermcginnis"
        />
        <label
          class="center"
          data-testid="password-label"
        >
          Password: 
        </label>
        <input
          data-testid="password-input"
          id="password"
          name="password"
          placeholder="***"
          type="password"
          value="abc321"
        />
        <button
          class="btn-login"
          data-testid="login-btn"
        >
          Login
        </button>
      </form>
    </div>
  </div>,
  "debug": [Function],
  "findAllByAltText": [Function],
  "findAllByDisplayValue": [Function],
  "findAllByLabelText": [Function],
  "findAllByPlaceholderText": [Function],
  "findAllByRole": [Function],
  "findAllByTestId": [Function],
  "findAllByText": [Function],
  "findAllByTitle": [Function],
  "findByAltText": [Function],
  "findByDisplayValue": [Function],
  "findByLabelText": [Function],
  "findByPlaceholderText": [Function],
  "findByRole": [Function],
  "findByTestId": [Function],
  "findByText": [Function],
  "findByTitle": [Function],
  "getAllByAltText": [Function],
  "getAllByDisplayValue": [Function],
  "getAllByLabelText": [Function],
  "getAllByPlaceholderText": [Function],
  "getAllByRole": [Function],
  "getAllByTestId": [Function],
  "getAllByText": [Function],
  "getAllByTitle": [Function],
  "getByAltText": [Function],
  "getByDisplayValue": [Function],
  "getByLabelText": [Function],
  "getByPlaceholderText": [Function],
  "getByRole": [Function],
  "getByTestId": [Function],
  "getByText": [Function],
  "getByTitle": [Function],
  "queryAllByAltText": [Function],
  "queryAllByDisplayValue": [Function],
  "queryAllByLabelText": [Function],
  "queryAllByPlaceholderText": [Function],
  "queryAllByRole": [Function],
  "queryAllByTestId": [Function],
  "queryAllByText": [Function],
  "queryAllByTitle": [Function],
  "queryByAltText": [Function],
  "queryByDisplayValue": [Function],
  "queryByLabelText": [Function],
  "queryByPlaceholderText": [Function],
  "queryByRole": [Function],
  "queryByTestId": [Function],
  "queryByText": [Function],
  "queryByTitle": [Function],
  "rerender": [Function],
  "unmount": [Function],
}
`;
